// Vitest Snapshot v1

exports[`Button > Mount > 正常にレンダリングされるか 1`] = `"<button data-v-c2b9c338=\\"\\" class=\\"wiz-button wiz-button--variant-primary wiz-button--size-md\\" style=\\"--c2b9c338-padding: 0.75rem 1.5rem; --c2b9c338-borderRadiusXxs: 0.25rem; --c2b9c338-colorGradient: linear-gradient(90deg, #3db783 0%, #099ec3 100%); --c2b9c338-colorWhite: #FFFFFF; --c2b9c338-shadowMd: 0px 0px 4px #00000040; --c2b9c338-colorGreen: #3DB783; --c2b9c338-gray400: #D3D8D7; --c2b9c338-borderRadiusMax: 9999px; --c2b9c338-fontSizeXs: 0.75rem; --c2b9c338-fontSizeSm: 0.875rem; --c2b9c338-fontSizeMd: 1rem;\\"></button>"`;

exports[`GradientButton > Mount > 正常にレンダリングされるか 1`] = `"<button data-v-c2b9c338=\\"\\" class=\\"wiz-button wiz-button--variant-primary wiz-button--size-md\\" style=\\"--c2b9c338-padding: 0.75rem 1.5rem; --c2b9c338-borderRadiusXxs: 0.25rem; --c2b9c338-colorGradient: linear-gradient(90deg, #3db783 0%, #099ec3 100%); --c2b9c338-colorWhite: #FFFFFF; --c2b9c338-shadowMd: 0px 0px 4px #00000040; --c2b9c338-colorGreen: #3DB783; --c2b9c338-gray400: #D3D8D7; --c2b9c338-borderRadiusMax: 9999px; --c2b9c338-fontSizeXs: 0.75rem; --c2b9c338-fontSizeSm: 0.875rem; --c2b9c338-fontSizeMd: 1rem;\\"></button>"`;
