// Vitest Snapshot v1

exports[`GradientButton > Mount > 正常にレンダリングされるか 1`] = `"<button data-v-a3b6d44e=\\"\\" class=\\"wiz-button wiz-button--variant-primary wiz-button--size-md\\" style=\\"--a3b6d44e-padding: 0.75rem 1.5rem; --a3b6d44e-borderRadiusXxs: 0.25rem; --a3b6d44e-colorGradient: linear-gradient(90deg, #3db783 0%, #099ec3 100%); --a3b6d44e-colorWhite: #FFFFFF; --a3b6d44e-shadowMd: 0px 0px 4px #00000040; --a3b6d44e-colorGreen: #3DB783; --a3b6d44e-gray400: #D3D8D7; --a3b6d44e-borderRadiusMax: 9999px; --a3b6d44e-fontSizeXs: 0.75rem; --a3b6d44e-fontSizeSm: 0.875rem; --a3b6d44e-fontSizeMd: 1rem;\\"></button>"`;
